1788722114.465495 client started (43907): version 3.6b, socket /private/tmp/tmux-501/default, protocol 8
1788722114.465593 on Darwin 25.2.0 Darwin Kernel Version 25.2.0: Tue Nov 18 21:08:48 PST 2025; root:xnu-12377.61.12~1/RELEASE_ARM64_T8132
1788722114.465606 using libevent 2.1.12-stable select
1788722114.465992 using utf8proc 2.11.3
1788722114.466003 using ncurses 6.6 20251230
1788722114.466023 flags are 0x18010000
1788722114.466030 socket is /private/tmp/tmux-501/default
1788722114.466049 trying connect
1788722114.466096 add peer 0x102fad3d0: 6 (0x0)
1788722114.468309 sending message 111 to peer 0x102fad3d0 (8 bytes)
1788722114.468326 sending message 111 to peer 0x102fad3d0 (8 bytes)
1788722114.468334 sending message 101 to peer 0x102fad3d0 (14 bytes)
1788722114.468340 sending message 109 to peer 0x102fad3d0 (4 bytes)
1788722114.468347 sending message 102 to peer 0x102fad3d0 (13 bytes)
1788722114.468353 sending message 108 to peer 0x102fad3d0 (49 bytes)
1788722114.468359 sending message 112 to peer 0x102fad3d0 (70 bytes)
1788722114.468365 sending message 112 to peer 0x102fad3d0 (5 bytes)
1788722114.468374 sending message 112 to peer 0x102fad3d0 (5 bytes)
1788722114.468381 sending message 112 to peer 0x102fad3d0 (6 bytes)
1788722114.468387 sending message 112 to peer 0x102fad3d0 (6 bytes)
1788722114.468393 sending message 112 to peer 0x102fad3d0 (11 bytes)
1788722114.468398 sending message 112 to peer 0x102fad3d0 (10 bytes)
1788722114.468404 sending message 112 to peer 0x102fad3d0 (13 bytes)
1788722114.468410 sending message 112 to peer 0x102fad3d0 (14 bytes)
1788722114.468416 sending message 112 to peer 0x102fad3d0 (9 bytes)
1788722114.468421 sending message 112 to peer 0x102fad3d0 (21 bytes)
1788722114.468427 sending message 112 to peer 0x102fad3d0 (19 bytes)
1788722114.468433 sending message 112 to peer 0x102fad3d0 (11 bytes)
1788722114.468438 sending message 112 to peer 0x102fad3d0 (21 bytes)
1788722114.468444 sending message 112 to peer 0x102fad3d0 (13 bytes)
1788722114.468450 sending message 112 to peer 0x102fad3d0 (7 bytes)
1788722114.468455 sending message 112 to peer 0x102fad3d0 (13 bytes)
1788722114.468461 sending message 112 to peer 0x102fad3d0 (7 bytes)
1788722114.468466 sending message 112 to peer 0x102fad3d0 (13 bytes)
1788722114.468473 sending message 112 to peer 0x102fad3d0 (9 bytes)
1788722114.468478 sending message 112 to peer 0x102fad3d0 (21 bytes)
1788722114.468484 sending message 112 to peer 0x102fad3d0 (13 bytes)
1788722114.468490 sending message 112 to peer 0x102fad3d0 (9 bytes)
1788722114.468496 sending message 112 to peer 0x102fad3d0 (16 bytes)
1788722114.468501 sending message 112 to peer 0x102fad3d0 (13 bytes)
1788722114.468507 sending message 112 to peer 0x102fad3d0 (9 bytes)
1788722114.468520 sending message 112 to peer 0x102fad3d0 (9 bytes)
1788722114.468527 sending message 112 to peer 0x102fad3d0 (12 bytes)
1788722114.468533 sending message 112 to peer 0x102fad3d0 (8 bytes)
1788722114.468539 sending message 112 to peer 0x102fad3d0 (12 bytes)
1788722114.468545 sending message 112 to peer 0x102fad3d0 (8 bytes)
1788722114.468552 sending message 112 to peer 0x102fad3d0 (13 bytes)
1788722114.468557 sending message 112 to peer 0x102fad3d0 (7 bytes)
1788722114.468565 sending message 112 to peer 0x102fad3d0 (7 bytes)
1788722114.468570 sending message 112 to peer 0x102fad3d0 (9 bytes)
1788722114.468577 sending message 112 to peer 0x102fad3d0 (12 bytes)
1788722114.468582 sending message 112 to peer 0x102fad3d0 (6 bytes)
1788722114.468589 sending message 112 to peer 0x102fad3d0 (9 bytes)
1788722114.468594 sending message 112 to peer 0x102fad3d0 (15 bytes)
1788722114.468600 sending message 112 to peer 0x102fad3d0 (13 bytes)
1788722114.468605 sending message 112 to peer 0x102fad3d0 (9 bytes)
1788722114.468611 sending message 112 to peer 0x102fad3d0 (12 bytes)
1788722114.468617 sending message 112 to peer 0x102fad3d0 (8 bytes)
1788722114.468630 sending message 112 to peer 0x102fad3d0 (14 bytes)
1788722114.468635 sending message 112 to peer 0x102fad3d0 (11 bytes)
1788722114.468642 sending message 112 to peer 0x102fad3d0 (9 bytes)
1788722114.468668 sending message 112 to peer 0x102fad3d0 (10 bytes)
1788722114.468674 sending message 112 to peer 0x102fad3d0 (10 bytes)
1788722114.468678 sending message 112 to peer 0x102fad3d0 (10 bytes)
1788722114.468683 sending message 112 to peer 0x102fad3d0 (10 bytes)
1788722114.468688 sending message 112 to peer 0x102fad3d0 (11 bytes)
1788722114.468694 sending message 112 to peer 0x102fad3d0 (12 bytes)
1788722114.468698 sending message 112 to peer 0x102fad3d0 (12 bytes)
1788722114.468707 sending message 112 to peer 0x102fad3d0 (12 bytes)
1788722114.468712 sending message 112 to peer 0x102fad3d0 (12 bytes)
1788722114.468717 sending message 112 to peer 0x102fad3d0 (12 bytes)
1788722114.468721 sending message 112 to peer 0x102fad3d0 (11 bytes)
1788722114.468728 sending message 112 to peer 0x102fad3d0 (11 bytes)
1788722114.468732 sending message 112 to peer 0x102fad3d0 (12 bytes)
1788722114.468737 sending message 112 to peer 0x102fad3d0 (12 bytes)
1788722114.468741 sending message 112 to peer 0x102fad3d0 (12 bytes)
1788722114.468745 sending message 112 to peer 0x102fad3d0 (12 bytes)
1788722114.468749 sending message 112 to peer 0x102fad3d0 (12 bytes)
1788722114.468754 sending message 112 to peer 0x102fad3d0 (9 bytes)
1788722114.468759 sending message 112 to peer 0x102fad3d0 (12 bytes)
1788722114.468763 sending message 112 to peer 0x102fad3d0 (13 bytes)
1788722114.468768 sending message 112 to peer 0x102fad3d0 (13 bytes)
1788722114.468773 sending message 112 to peer 0x102fad3d0 (13 bytes)
1788722114.468777 sending message 112 to peer 0x102fad3d0 (13 bytes)
1788722114.468782 sending message 112 to peer 0x102fad3d0 (13 bytes)
1788722114.468786 sending message 112 to peer 0x102fad3d0 (8 bytes)
1788722114.468791 sending message 112 to peer 0x102fad3d0 (11 bytes)
1788722114.468795 sending message 112 to peer 0x102fad3d0 (11 bytes)
1788722114.468799 sending message 112 to peer 0x102fad3d0 (11 bytes)
1788722114.468803 sending message 112 to peer 0x102fad3d0 (12 bytes)
1788722114.468807 sending message 112 to peer 0x102fad3d0 (12 bytes)
1788722114.468811 sending message 112 to peer 0x102fad3d0 (12 bytes)
1788722114.468815 sending message 112 to peer 0x102fad3d0 (12 bytes)
1788722114.468819 sending message 112 to peer 0x102fad3d0 (13 bytes)
1788722114.468823 sending message 112 to peer 0x102fad3d0 (13 bytes)
1788722114.468827 sending message 112 to peer 0x102fad3d0 (13 bytes)
1788722114.468831 sending message 112 to peer 0x102fad3d0 (8 bytes)
1788722114.468836 sending message 112 to peer 0x102fad3d0 (13 bytes)
1788722114.468840 sending message 112 to peer 0x102fad3d0 (13 bytes)
1788722114.468844 sending message 112 to peer 0x102fad3d0 (13 bytes)
1788722114.468849 sending message 112 to peer 0x102fad3d0 (13 bytes)
1788722114.468853 sending message 112 to peer 0x102fad3d0 (13 bytes)
1788722114.468858 sending message 112 to peer 0x102fad3d0 (12 bytes)
1788722114.468862 sending message 112 to peer 0x102fad3d0 (12 bytes)
1788722114.468867 sending message 112 to peer 0x102fad3d0 (12 bytes)
1788722114.468871 sending message 112 to peer 0x102fad3d0 (12 bytes)
1788722114.468875 sending message 112 to peer 0x102fad3d0 (13 bytes)
1788722114.468879 sending message 112 to peer 0x102fad3d0 (8 bytes)
1788722114.468884 sending message 112 to peer 0x102fad3d0 (13 bytes)
1788722114.468888 sending message 112 to peer 0x102fad3d0 (13 bytes)
1788722114.468893 sending message 112 to peer 0x102fad3d0 (13 bytes)
1788722114.468897 sending message 112 to peer 0x102fad3d0 (13 bytes)
1788722114.468901 sending message 112 to peer 0x102fad3d0 (13 bytes)
1788722114.468905 sending message 112 to peer 0x102fad3d0 (13 bytes)
1788722114.468909 sending message 112 to peer 0x102fad3d0 (13 bytes)
1788722114.468913 sending message 112 to peer 0x102fad3d0 (12 bytes)
1788722114.468917 sending message 112 to peer 0x102fad3d0 (12 bytes)
1788722114.468921 sending message 112 to peer 0x102fad3d0 (12 bytes)
1788722114.468927 sending message 112 to peer 0x102fad3d0 (8 bytes)
1788722114.468931 sending message 112 to peer 0x102fad3d0 (12 bytes)
1788722114.468936 sending message 112 to peer 0x102fad3d0 (13 bytes)
1788722114.468946 sending message 112 to peer 0x102fad3d0 (13 bytes)
1788722114.468951 sending message 112 to peer 0x102fad3d0 (13 bytes)
1788722114.468955 sending message 112 to peer 0x102fad3d0 (13 bytes)
1788722114.468960 sending message 112 to peer 0x102fad3d0 (13 bytes)
1788722114.468964 sending message 112 to peer 0x102fad3d0 (13 bytes)
1788722114.468970 sending message 112 to peer 0x102fad3d0 (13 bytes)
1788722114.468974 sending message 112 to peer 0x102fad3d0 (13 bytes)
1788722114.468980 sending message 112 to peer 0x102fad3d0 (12 bytes)
1788722114.468984 sending message 112 to peer 0x102fad3d0 (10 bytes)
1788722114.468989 sending message 112 to peer 0x102fad3d0 (12 bytes)
1788722114.468993 sending message 112 to peer 0x102fad3d0 (12 bytes)
1788722114.468999 sending message 112 to peer 0x102fad3d0 (12 bytes)
1788722114.469012 sending message 112 to peer 0x102fad3d0 (13 bytes)
1788722114.469018 sending message 112 to peer 0x102fad3d0 (13 bytes)
1788722114.469022 sending message 112 to peer 0x102fad3d0 (13 bytes)
1788722114.469026 sending message 112 to peer 0x102fad3d0 (13 bytes)
1788722114.469030 sending message 112 to peer 0x102fad3d0 (13 bytes)
1788722114.469034 sending message 112 to peer 0x102fad3d0 (13 bytes)
1788722114.469038 sending message 112 to peer 0x102fad3d0 (13 bytes)
1788722114.469042 sending message 112 to peer 0x102fad3d0 (10 bytes)
1788722114.469046 sending message 112 to peer 0x102fad3d0 (13 bytes)
1788722114.469050 sending message 112 to peer 0x102fad3d0 (12 bytes)
1788722114.469054 sending message 112 to peer 0x102fad3d0 (12 bytes)
1788722114.469058 sending message 112 to peer 0x102fad3d0 (12 bytes)
1788722114.469062 sending message 112 to peer 0x102fad3d0 (10 bytes)
1788722114.469066 sending message 112 to peer 0x102fad3d0 (10 bytes)
1788722114.469070 sending message 112 to peer 0x102fad3d0 (10 bytes)
1788722114.469074 sending message 112 to peer 0x102fad3d0 (12 bytes)
1788722114.469078 sending message 112 to peer 0x102fad3d0 (13 bytes)
1788722114.469082 sending message 112 to peer 0x102fad3d0 (13 bytes)
1788722114.469086 sending message 112 to peer 0x102fad3d0 (13 bytes)
1788722114.469090 sending message 112 to peer 0x102fad3d0 (13 bytes)
1788722114.469095 sending message 112 to peer 0x102fad3d0 (13 bytes)
1788722114.469099 sending message 112 to peer 0x102fad3d0 (10 bytes)
1788722114.469103 sending message 112 to peer 0x102fad3d0 (11 bytes)
1788722114.469107 sending message 112 to peer 0x102fad3d0 (12 bytes)
1788722114.469111 sending message 112 to peer 0x102fad3d0 (12 bytes)
1788722114.469123 sending message 112 to peer 0x102fad3d0 (12 bytes)
1788722114.469127 sending message 112 to peer 0x102fad3d0 (12 bytes)
1788722114.469131 sending message 112 to peer 0x102fad3d0 (12 bytes)
1788722114.469135 sending message 112 to peer 0x102fad3d0 (11 bytes)
1788722114.469139 sending message 112 to peer 0x102fad3d0 (12 bytes)
1788722114.469143 sending message 112 to peer 0x102fad3d0 (12 bytes)
1788722114.469147 sending message 112 to peer 0x102fad3d0 (13 bytes)
1788722114.469151 sending message 112 to peer 0x102fad3d0 (13 bytes)
1788722114.469155 sending message 112 to peer 0x102fad3d0 (13 bytes)
1788722114.469159 sending message 112 to peer 0x102fad3d0 (13 bytes)
1788722114.469163 sending message 112 to peer 0x102fad3d0 (13 bytes)
1788722114.469167 sending message 112 to peer 0x102fad3d0 (10 bytes)
1788722114.469171 sending message 112 to peer 0x102fad3d0 (9 bytes)
1788722114.469175 sending message 112 to peer 0x102fad3d0 (12 bytes)
1788722114.469179 sending message 112 to peer 0x102fad3d0 (13 bytes)
1788722114.469183 sending message 112 to peer 0x102fad3d0 (13 bytes)
1788722114.469187 sending message 112 to peer 0x102fad3d0 (13 bytes)
1788722114.469191 sending message 112 to peer 0x102fad3d0 (13 bytes)
1788722114.469195 sending message 112 to peer 0x102fad3d0 (13 bytes)
1788722114.469199 sending message 112 to peer 0x102fad3d0 (9 bytes)
1788722114.469203 sending message 112 to peer 0x102fad3d0 (12 bytes)
1788722114.469207 sending message 112 to peer 0x102fad3d0 (13 bytes)
1788722114.469216 sending message 112 to peer 0x102fad3d0 (13 bytes)
1788722114.469220 sending message 112 to peer 0x102fad3d0 (13 bytes)
1788722114.469224 sending message 112 to peer 0x102fad3d0 (13 bytes)
1788722114.469229 sending message 112 to peer 0x102fad3d0 (13 bytes)
1788722114.469233 sending message 112 to peer 0x102fad3d0 (11 bytes)
1788722114.469237 sending message 112 to peer 0x102fad3d0 (12 bytes)
1788722114.469241 sending message 112 to peer 0x102fad3d0 (13 bytes)
1788722114.469245 sending message 112 to peer 0x102fad3d0 (13 bytes)
1788722114.469249 sending message 112 to peer 0x102fad3d0 (13 bytes)
1788722114.469253 sending message 112 to peer 0x102fad3d0 (13 bytes)
1788722114.469257 sending message 112 to peer 0x102fad3d0 (13 bytes)
1788722114.469261 sending message 112 to peer 0x102fad3d0 (11 bytes)
1788722114.469265 sending message 112 to peer 0x102fad3d0 (12 bytes)
1788722114.469269 sending message 112 to peer 0x102fad3d0 (12 bytes)
1788722114.469273 sending message 112 to peer 0x102fad3d0 (12 bytes)
1788722114.469278 sending message 112 to peer 0x102fad3d0 (12 bytes)
1788722114.469282 sending message 112 to peer 0x102fad3d0 (12 bytes)
1788722114.469286 sending message 112 to peer 0x102fad3d0 (21 bytes)
1788722114.469290 sending message 112 to peer 0x102fad3d0 (12 bytes)
1788722114.469294 sending message 112 to peer 0x102fad3d0 (9 bytes)
1788722114.469298 sending message 112 to peer 0x102fad3d0 (6 bytes)
1788722114.469302 sending message 112 to peer 0x102fad3d0 (13 bytes)
1788722114.469306 sending message 112 to peer 0x102fad3d0 (10 bytes)
1788722114.469310 sending message 112 to peer 0x102fad3d0 (15 bytes)
1788722114.469314 sending message 112 to peer 0x102fad3d0 (13 bytes)
1788722114.469318 sending message 112 to peer 0x102fad3d0 (9 bytes)
1788722114.469322 sending message 112 to peer 0x102fad3d0 (70 bytes)
1788722114.469326 sending message 112 to peer 0x102fad3d0 (69 bytes)
1788722114.469331 sending message 112 to peer 0x102fad3d0 (34 bytes)
1788722114.469335 sending message 112 to peer 0x102fad3d0 (34 bytes)
1788722114.469339 sending message 112 to peer 0x102fad3d0 (70 bytes)
1788722114.469343 sending message 112 to peer 0x102fad3d0 (12 bytes)
1788722114.469348 sending message 112 to peer 0x102fad3d0 (10 bytes)
1788722114.469352 sending message 112 to peer 0x102fad3d0 (10 bytes)
1788722114.469357 sending message 112 to peer 0x102fad3d0 (15 bytes)
1788722114.469362 sending message 112 to peer 0x102fad3d0 (13 bytes)
1788722114.469366 sending message 112 to peer 0x102fad3d0 (10 bytes)
1788722114.469370 sending message 112 to peer 0x102fad3d0 (10 bytes)
1788722114.469374 sending message 112 to peer 0x102fad3d0 (17 bytes)
1788722114.469379 sending message 112 to peer 0x102fad3d0 (10 bytes)
1788722114.469383 sending message 112 to peer 0x102fad3d0 (13 bytes)
1788722114.469387 sending message 112 to peer 0x102fad3d0 (32 bytes)
1788722114.469391 sending message 112 to peer 0x102fad3d0 (5 bytes)
1788722114.469395 sending message 112 to peer 0x102fad3d0 (9 bytes)
1788722114.469400 sending message 112 to peer 0x102fad3d0 (15 bytes)
1788722114.469404 sending message 112 to peer 0x102fad3d0 (5 bytes)
1788722114.469410 sending message 104 to peer 0x102fad3d0 (0 bytes)
1788722114.469415 sending message 110 to peer 0x102fad3d0 (0 bytes)
1788722114.469419 sending message 107 to peer 0x102fad3d0 (4 bytes)
1788722114.469424 sending message 105 to peer 0x102fad3d0 (20 bytes)
1788722114.469428 sending message 105 to peer 0x102fad3d0 (30 bytes)
1788722114.469432 sending message 105 to peer 0x102fad3d0 (43 bytes)
1788722114.469437 sending message 105 to peer 0x102fad3d0 (24 bytes)
1788722114.469441 sending message 105 to peer 0x102fad3d0 (20 bytes)
1788722114.469447 sending message 105 to peer 0x102fad3d0 (15 bytes)
1788722114.469451 sending message 105 to peer 0x102fad3d0 (66 bytes)
1788722114.469455 sending message 105 to peer 0x102fad3d0 (98 bytes)
1788722114.469459 sending message 105 to peer 0x102fad3d0 (34 bytes)
1788722114.469465 sending message 105 to peer 0x102fad3d0 (53 bytes)
1788722114.469479 sending message 105 to peer 0x102fad3d0 (27 bytes)
1788722114.469484 sending message 105 to peer 0x102fad3d0 (43 bytes)
1788722114.469488 sending message 105 to peer 0x102fad3d0 (157 bytes)
1788722114.469493 sending message 105 to peer 0x102fad3d0 (21 bytes)
1788722114.469497 sending message 105 to peer 0x102fad3d0 (26 bytes)
1788722114.469502 sending message 105 to peer 0x102fad3d0 (63 bytes)
1788722114.469506 sending message 105 to peer 0x102fad3d0 (75 bytes)
1788722114.469513 sending message 105 to peer 0x102fad3d0 (22 bytes)
1788722114.469517 sending message 105 to peer 0x102fad3d0 (14 bytes)
1788722114.469522 sending message 105 to peer 0x102fad3d0 (19 bytes)
1788722114.469526 sending message 105 to peer 0x102fad3d0 (20 bytes)
1788722114.469532 sending message 105 to peer 0x102fad3d0 (47 bytes)
1788722114.469536 sending message 105 to peer 0x102fad3d0 (19 bytes)
1788722114.469541 sending message 105 to peer 0x102fad3d0 (29 bytes)
1788722114.469545 sending message 105 to peer 0x102fad3d0 (32 bytes)
1788722114.469557 sending message 105 to peer 0x102fad3d0 (57 bytes)
1788722114.469561 sending message 105 to peer 0x102fad3d0 (19 bytes)
1788722114.469566 sending message 105 to peer 0x102fad3d0 (20 bytes)
1788722114.469570 sending message 105 to peer 0x102fad3d0 (22 bytes)
1788722114.469575 sending message 105 to peer 0x102fad3d0 (24 bytes)
1788722114.469579 sending message 105 to peer 0x102fad3d0 (18 bytes)
1788722114.469584 sending message 105 to peer 0x102fad3d0 (36 bytes)
1788722114.469589 sending message 105 to peer 0x102fad3d0 (8 bytes)
1788722114.469593 sending message 105 to peer 0x102fad3d0 (44 bytes)
1788722114.469598 sending message 105 to peer 0x102fad3d0 (457 bytes)
1788722114.469602 sending message 105 to peer 0x102fad3d0 (17 bytes)
1788722114.469607 sending message 105 to peer 0x102fad3d0 (57 bytes)
1788722114.469617 sending message 106 to peer 0x102fad3d0 (0 bytes)
1788722114.469688 cmd_pack_argv: argv[0]=new-session
1788722114.469694 sending message 200 to peer 0x102fad3d0 (16 bytes)
1788722114.469699 client loop enter
1788722114.473137 peer 0x102fad3d0 message 207
1788722114.473166 sending message 208 to peer 0x102fad3d0 (0 bytes)
1788722114.521160 peer 0x102fad3d0 message 203
1788722114.521220 sending message 205 to peer 0x102fad3d0 (0 bytes)
1788722114.521497 peer 0x102fad3d0 message 204
1788722114.521521 client loop exit
